The user aborted a request.

Retrying 1/3...
The user aborted a request.

Retrying 1/3...
The user aborted a request.

Retrying 2/3...
The user aborted a request.

Retrying 2/3...
The user aborted a request.

Retrying 3/3...
The user aborted a request.

Retrying 1/3...
The user aborted a request.

Retrying 1/3...
The user aborted a request.

Retrying 1/3...
The user aborted a request.

Retrying 1/3...
The user aborted a request.

Retrying 1/3...
The user aborted a request.

Retrying 1/3...
The user aborted a request.

Retrying 1/3...
[Error [AbortError]: The user aborted a request.] {
  type: 'aborted',
  constructor: [Function: AbortError]
}
 ⨯ Failed to download `Manrope` from Google Fonts. Using fallback font instead.

Failed to fetch `Manrope` from Google Fonts.}
The user aborted a request.

Retrying 2/3...
The user aborted a request.

Retrying 2/3...
The user aborted a request.

Retrying 2/3...
The user aborted a request.

Retrying 2/3...
The user aborted a request.

Retrying 2/3...
The user aborted a request.

Retrying 2/3...
The user aborted a request.

Retrying 2/3...
